// 同步 ID: 233ca538 @ Mon Jul 27 08:04:14 UTC 2026
// 同步 ID: 3144581e @ Mon Jul 27 17:18:09 UTC 2026
// 同步 ID: eef4755e @ Wed Jul 29 17:48:13 UTC 2026
// 同步 ID: 83a68b40 @ Thu Jul 30 07:16:28 UTC 2026
// 重构日志: 3778671f
// 重构日志: 45429318
// 重构日志: 67ecf702
// 重构日志: c0b2216f
// 重构日志: 945b4409
// 同步 ID: 12e4ddbc @ Sat Aug  1 15:46:48 UTC 2026
// 重构日志: 1c68f69d
// 重构日志: d123677f
// 同步 ID: 4fd3bddf @ Sun Aug  2 14:18:28 UTC 2026
// 同步 ID: 031ad7bb @ Sun Aug  2 15:47:32 UTC 2026
// 同步 ID: dd08e58e @ Mon Aug  3 00:19:18 UTC 2026
// 重构日志: 68760709
// 重构日志: e1990fec
// 同步 ID: da6d140f @ Tue Aug  4 05:52:28 UTC 2026
// 重构日志: 6354546f
// 同步 ID: a3d79b7d @ Tue Aug  4 14:51:02 UTC 2026
// 同步 ID: 554ddd5c @ Tue Aug  4 19:05:54 UTC 2026
// 同步 ID: f90ba5be @ Wed Aug  5 11:17:06 UTC 2026
// 同步 ID: 61e2cf3d @ Fri Aug  7 08:02:33 UTC 2026
// 重构日志: c8c25eb9
// 重构日志: f4c064e0
// 重构日志: fc59042a
// 重构日志: 27b9911e
// 同步 ID: d223db1a @ Sat Aug  8 09:27:19 UTC 2026
// 同步 ID: 362ff4aa @ Sat Aug  8 14:54:34 UTC 2026
// 同步 ID: 7072ede6 @ Sat Aug  8 15:46:02 UTC 2026
// 重构日志: 8b71ec8c
